// Jest Snapshot v1, https://goo.gl/fbAQLP

exports[`renders correctly 1`] = `
<CourseList
  courses={
    Array [
      Object {
        "img": "mock-url-1",
        "key": 1,
        "level": "初级",
        "projects": Array [
          "project-1",
          "project-2",
          "project-3",
        ],
        "short_summary": "mock-short-summary-1",
        "subtitle": "mock-subtitle-1",
        "title": "mock-title-1",
        "tracks": Array [
          "数据科学",
        ],
      },
      Object {
        "img": "mock-url-2",
        "key": 2,
        "level": "中级",
        "projects": Array [
          "project-1",
        ],
        "short_summary": "mock-short-summary-2",
        "subtitle": "mock-subtitle-2",
        "title": "mock-title-2",
        "tracks": Array [
          "iOS",
        ],
      },
      Object {
        "img": "mock-url-3",
        "key": 3,
        "level": "高级",
        "projects": Array [],
        "short_summary": "mock-short-summary-3",
        "subtitle": "mock-subtitle-3",
        "title": "mock-title-3",
        "tracks": Array [
          "网站开发",
        ],
      },
    ]
  }
>
  <div
    className="course-list"
  >
    <Item
      img="mock-url-1"
      key="1"
      level="初级"
      projects={
        Array [
          "project-1",
          "project-2",
          "project-3",
        ]
      }
      short_summary="mock-short-summary-1"
      subtitle="mock-subtitle-1"
      title="mock-title-1"
      tracks={
        Array [
          "数据科学",
        ]
      }
    >
      <Row
        bsClass="row"
        className="course-list-item"
        componentClass="div"
      >
        <div
          className="course-list-item row"
        >
          <Col
            bsClass="col"
            componentClass="div"
            md={3}
          >
            <div
              className="col-md-3"
            >
              <Image
                bsClass="img"
                circle={false}
                className="img-fluid"
                responsive={false}
                rounded={false}
                thumbnail={false}
              >
                <img
                  className="img-fluid"
                />
              </Image>
            </div>
          </Col>
          <Col
            bsClass="col"
            componentClass="div"
            md={9}
          >
            <div
              className="col-md-9"
            >
              <Row
                bsClass="row"
                componentClass="div"
              >
                <div
                  className="row"
                >
                  <Col
                    bsClass="col"
                    componentClass="div"
                    md={8}
                  >
                    <div
                      className="col-md-8"
                    >
                      <h3
                        className="h-title"
                      >
                        mock-title-1
                      </h3>
                    </div>
                  </Col>
                  <Col
                    bsClass="col"
                    componentClass="div"
                    md={4}
                  >
                    <div
                      className="col-md-4"
                    >
                      <LevelBar
                        level="初级"
                      >
                        <div
                          className="level-bar vertical-center"
                        >
                          <div
                            className="level-icons vertical-center"
                          >
                            <FaStop
                              color="#666"
                              key="0"
                              size={16}
                            >
                              <IconBase
                                color="#666"
                                size={16}
                                viewBox="0 0 40 40"
                              >
                                <svg
                                  fill="currentColor"
                                  height={16}
                                  preserveAspectRatio="xMidYMid meet"
                                  style={
                                    Object {
                                      "color": "#666",
                                      "verticalAlign": "middle",
                                    }
                                  }
                                  viewBox="0 0 40 40"
                                  width={16}
                                >
                                  <g>
                                    <path
                                      d="m37.3 4.3v31.4q0 0.6-0.4 1t-1 0.4h-31.5q-0.6 0-1-0.4t-0.4-1v-31.4q0-0.6 0.4-1t1-0.4h31.5q0.5 0 1 0.4t0.4 1z"
                                    />
                                  </g>
                                </svg>
                              </IconBase>
                            </FaStop>
                            <FaStop
                              color="#dcdcdc"
                              key="1"
                              size={16}
                            >
                              <IconBase
                                color="#dcdcdc"
                                size={16}
                                viewBox="0 0 40 40"
                              >
                                <svg
                                  fill="currentColor"
                                  height={16}
                                  preserveAspectRatio="xMidYMid meet"
                                  style={
                                    Object {
                                      "color": "#dcdcdc",
                                      "verticalAlign": "middle",
                                    }
                                  }
                                  viewBox="0 0 40 40"
                                  width={16}
                                >
                                  <g>
                                    <path
                                      d="m37.3 4.3v31.4q0 0.6-0.4 1t-1 0.4h-31.5q-0.6 0-1-0.4t-0.4-1v-31.4q0-0.6 0.4-1t1-0.4h31.5q0.5 0 1 0.4t0.4 1z"
                                    />
                                  </g>
                                </svg>
                              </IconBase>
                            </FaStop>
                            <FaStop
                              color="#dcdcdc"
                              key="2"
                              size={16}
                            >
                              <IconBase
                                color="#dcdcdc"
                                size={16}
                                viewBox="0 0 40 40"
                              >
                                <svg
                                  fill="currentColor"
                                  height={16}
                                  preserveAspectRatio="xMidYMid meet"
                                  style={
                                    Object {
                                      "color": "#dcdcdc",
                                      "verticalAlign": "middle",
                                    }
                                  }
                                  viewBox="0 0 40 40"
                                  width={16}
                                >
                                  <g>
                                    <path
                                      d="m37.3 4.3v31.4q0 0.6-0.4 1t-1 0.4h-31.5q-0.6 0-1-0.4t-0.4-1v-31.4q0-0.6 0.4-1t1-0.4h31.5q0.5 0 1 0.4t0.4 1z"
                                    />
                                  </g>
                                </svg>
                              </IconBase>
                            </FaStop>
                          </div>
                          <span>
                            初级
                          </span>
                        </div>
                      </LevelBar>
                    </div>
                  </Col>
                </div>
              </Row>
              <h4
                className="h-light course-list-projects"
              >
                3 个
                项目
              </h4>
              <h3
                className="h-bold"
              >
                mock-subtitle-1
              </h3>
              <p
                className="p-normal"
              >
                mock-short-summary-1
              </p>
            </div>
          </Col>
        </div>
      </Row>
    </Item>
    <Item
      img="mock-url-2"
      key="2"
      level="中级"
      projects={
        Array [
          "project-1",
        ]
      }
      short_summary="mock-short-summary-2"
      subtitle="mock-subtitle-2"
      title="mock-title-2"
      tracks={
        Array [
          "iOS",
        ]
      }
    >
      <Row
        bsClass="row"
        className="course-list-item"
        componentClass="div"
      >
        <div
          className="course-list-item row"
        >
          <Col
            bsClass="col"
            componentClass="div"
            md={3}
          >
            <div
              className="col-md-3"
            >
              <Image
                bsClass="img"
                circle={false}
                className="img-fluid"
                responsive={false}
                rounded={false}
                thumbnail={false}
              >
                <img
                  className="img-fluid"
                />
              </Image>
            </div>
          </Col>
          <Col
            bsClass="col"
            componentClass="div"
            md={9}
          >
            <div
              className="col-md-9"
            >
              <Row
                bsClass="row"
                componentClass="div"
              >
                <div
                  className="row"
                >
                  <Col
                    bsClass="col"
                    componentClass="div"
                    md={8}
                  >
                    <div
                      className="col-md-8"
                    >
                      <h3
                        className="h-title"
                      >
                        mock-title-2
                      </h3>
                    </div>
                  </Col>
                  <Col
                    bsClass="col"
                    componentClass="div"
                    md={4}
                  >
                    <div
                      className="col-md-4"
                    >
                      <LevelBar
                        level="中级"
                      >
                        <div
                          className="level-bar vertical-center"
                        >
                          <div
                            className="level-icons vertical-center"
                          >
                            <FaStop
                              color="#666"
                              key="0"
                              size={16}
                            >
                              <IconBase
                                color="#666"
                                size={16}
                                viewBox="0 0 40 40"
                              >
                                <svg
                                  fill="currentColor"
                                  height={16}
                                  preserveAspectRatio="xMidYMid meet"
                                  style={
                                    Object {
                                      "color": "#666",
                                      "verticalAlign": "middle",
                                    }
                                  }
                                  viewBox="0 0 40 40"
                                  width={16}
                                >
                                  <g>
                                    <path
                                      d="m37.3 4.3v31.4q0 0.6-0.4 1t-1 0.4h-31.5q-0.6 0-1-0.4t-0.4-1v-31.4q0-0.6 0.4-1t1-0.4h31.5q0.5 0 1 0.4t0.4 1z"
                                    />
                                  </g>
                                </svg>
                              </IconBase>
                            </FaStop>
                            <FaStop
                              color="#666"
                              key="1"
                              size={16}
                            >
                              <IconBase
                                color="#666"
                                size={16}
                                viewBox="0 0 40 40"
                              >
                                <svg
                                  fill="currentColor"
                                  height={16}
                                  preserveAspectRatio="xMidYMid meet"
                                  style={
                                    Object {
                                      "color": "#666",
                                      "verticalAlign": "middle",
                                    }
                                  }
                                  viewBox="0 0 40 40"
                                  width={16}
                                >
                                  <g>
                                    <path
                                      d="m37.3 4.3v31.4q0 0.6-0.4 1t-1 0.4h-31.5q-0.6 0-1-0.4t-0.4-1v-31.4q0-0.6 0.4-1t1-0.4h31.5q0.5 0 1 0.4t0.4 1z"
                                    />
                                  </g>
                                </svg>
                              </IconBase>
                            </FaStop>
                            <FaStop
                              color="#dcdcdc"
                              key="2"
                              size={16}
                            >
                              <IconBase
                                color="#dcdcdc"
                                size={16}
                                viewBox="0 0 40 40"
                              >
                                <svg
                                  fill="currentColor"
                                  height={16}
                                  preserveAspectRatio="xMidYMid meet"
                                  style={
                                    Object {
                                      "color": "#dcdcdc",
                                      "verticalAlign": "middle",
                                    }
                                  }
                                  viewBox="0 0 40 40"
                                  width={16}
                                >
                                  <g>
                                    <path
                                      d="m37.3 4.3v31.4q0 0.6-0.4 1t-1 0.4h-31.5q-0.6 0-1-0.4t-0.4-1v-31.4q0-0.6 0.4-1t1-0.4h31.5q0.5 0 1 0.4t0.4 1z"
                                    />
                                  </g>
                                </svg>
                              </IconBase>
                            </FaStop>
                          </div>
                          <span>
                            中级
                          </span>
                        </div>
                      </LevelBar>
                    </div>
                  </Col>
                </div>
              </Row>
              <h4
                className="h-light course-list-projects"
              >
                1 个
                项目
              </h4>
              <h3
                className="h-bold"
              >
                mock-subtitle-2
              </h3>
              <p
                className="p-normal"
              >
                mock-short-summary-2
              </p>
            </div>
          </Col>
        </div>
      </Row>
    </Item>
    <Item
      img="mock-url-3"
      key="3"
      level="高级"
      projects={Array []}
      short_summary="mock-short-summary-3"
      subtitle="mock-subtitle-3"
      title="mock-title-3"
      tracks={
        Array [
          "网站开发",
        ]
      }
    >
      <Row
        bsClass="row"
        className="course-list-item"
        componentClass="div"
      >
        <div
          className="course-list-item row"
        >
          <Col
            bsClass="col"
            componentClass="div"
            md={3}
          >
            <div
              className="col-md-3"
            >
              <Image
                bsClass="img"
                circle={false}
                className="img-fluid"
                responsive={false}
                rounded={false}
                thumbnail={false}
              >
                <img
                  className="img-fluid"
                />
              </Image>
            </div>
          </Col>
          <Col
            bsClass="col"
            componentClass="div"
            md={9}
          >
            <div
              className="col-md-9"
            >
              <Row
                bsClass="row"
                componentClass="div"
              >
                <div
                  className="row"
                >
                  <Col
                    bsClass="col"
                    componentClass="div"
                    md={8}
                  >
                    <div
                      className="col-md-8"
                    >
                      <h3
                        className="h-title"
                      >
                        mock-title-3
                      </h3>
                    </div>
                  </Col>
                  <Col
                    bsClass="col"
                    componentClass="div"
                    md={4}
                  >
                    <div
                      className="col-md-4"
                    >
                      <LevelBar
                        level="高级"
                      >
                        <div
                          className="level-bar vertical-center"
                        >
                          <div
                            className="level-icons vertical-center"
                          >
                            <FaStop
                              color="#666"
                              key="0"
                              size={16}
                            >
                              <IconBase
                                color="#666"
                                size={16}
                                viewBox="0 0 40 40"
                              >
                                <svg
                                  fill="currentColor"
                                  height={16}
                                  preserveAspectRatio="xMidYMid meet"
                                  style={
                                    Object {
                                      "color": "#666",
                                      "verticalAlign": "middle",
                                    }
                                  }
                                  viewBox="0 0 40 40"
                                  width={16}
                                >
                                  <g>
                                    <path
                                      d="m37.3 4.3v31.4q0 0.6-0.4 1t-1 0.4h-31.5q-0.6 0-1-0.4t-0.4-1v-31.4q0-0.6 0.4-1t1-0.4h31.5q0.5 0 1 0.4t0.4 1z"
                                    />
                                  </g>
                                </svg>
                              </IconBase>
                            </FaStop>
                            <FaStop
                              color="#666"
                              key="1"
                              size={16}
                            >
                              <IconBase
                                color="#666"
                                size={16}
                                viewBox="0 0 40 40"
                              >
                                <svg
                                  fill="currentColor"
                                  height={16}
                                  preserveAspectRatio="xMidYMid meet"
                                  style={
                                    Object {
                                      "color": "#666",
                                      "verticalAlign": "middle",
                                    }
                                  }
                                  viewBox="0 0 40 40"
                                  width={16}
                                >
                                  <g>
                                    <path
                                      d="m37.3 4.3v31.4q0 0.6-0.4 1t-1 0.4h-31.5q-0.6 0-1-0.4t-0.4-1v-31.4q0-0.6 0.4-1t1-0.4h31.5q0.5 0 1 0.4t0.4 1z"
                                    />
                                  </g>
                                </svg>
                              </IconBase>
                            </FaStop>
                            <FaStop
                              color="#666"
                              key="2"
                              size={16}
                            >
                              <IconBase
                                color="#666"
                                size={16}
                                viewBox="0 0 40 40"
                              >
                                <svg
                                  fill="currentColor"
                                  height={16}
                                  preserveAspectRatio="xMidYMid meet"
                                  style={
                                    Object {
                                      "color": "#666",
                                      "verticalAlign": "middle",
                                    }
                                  }
                                  viewBox="0 0 40 40"
                                  width={16}
                                >
                                  <g>
                                    <path
                                      d="m37.3 4.3v31.4q0 0.6-0.4 1t-1 0.4h-31.5q-0.6 0-1-0.4t-0.4-1v-31.4q0-0.6 0.4-1t1-0.4h31.5q0.5 0 1 0.4t0.4 1z"
                                    />
                                  </g>
                                </svg>
                              </IconBase>
                            </FaStop>
                          </div>
                          <span>
                            高级
                          </span>
                        </div>
                      </LevelBar>
                    </div>
                  </Col>
                </div>
              </Row>
              <h4
                className="h-light course-list-projects"
              >
                没有
                项目
              </h4>
              <h3
                className="h-bold"
              >
                mock-subtitle-3
              </h3>
              <p
                className="p-normal"
              >
                mock-short-summary-3
              </p>
            </div>
          </Col>
        </div>
      </Row>
    </Item>
  </div>
</CourseList>
`;
